${WORKSPACE}/lab/rtl-prefill/tools/cfl_cocotb/runner.py:12: UserWarning: Python runners and associated APIs are an experimental feature and subject to change.
  from cocotb.runner import get_runner, get_results
- V e r i l a t i o n   R e p o r t:  rev UNKNOWN.REV
- Verilator: Built from 0.000 MB sources in 0 modules, into 0.000 MB in 0 C++ files needing 0.000 MB
- Verilator: Walltime 0.553 s (elab=0.000, cvt=0.000, bld=0.000); cpu 0.040 s on 4 threads; alloced 7.434 MB
make: Entering directory '${WORKSPACE}/lab/rtl-prefill/src/vector_machine/test/build/softmax_row_engine_test_wrapper/test_0'
make: Nothing to be done for 'default'.
make: Leaving directory '${WORKSPACE}/lab/rtl-prefill/src/vector_machine/test/build/softmax_row_engine_test_wrapper/test_0'
     -.--ns INFO     gpi                                ..mbed/gpi_embed.cpp:108  in set_program_name_in_venv        Using Python virtual environment interpreter at ${WORKSPACE}/.venv-wsl/bin/python
     -.--ns INFO     gpi                                ../gpi/GpiCommon.cpp:101  in gpi_print_registered_impl       VPI registered
     0.00ns INFO     cocotb                             Running on Verilator version 5.34
     0.00ns INFO     cocotb                             Running tests with cocotb v1.9.2 from ${WORKSPACE}/.venv-wsl/lib/python3.12/site-packages/cocotb
     0.00ns INFO     cocotb                             Seeding Python random module with 1791109691
${WORKSPACE}/.venv-wsl/lib/python3.12/site-packages/_pytest/assertion/rewrite.py:188: UserWarning: Python runners and associated APIs are an experimental feature and subject to change.
  exec(co, module.__dict__)
     0.00ns INFO     cocotb.regression                  Found test softmax_row_engine_tb.first_block_state_tail_and_final_factor_flow_through_row_engine
     0.00ns INFO     cocotb.regression                  Found test softmax_row_engine_tb.independent_reduction_groups_issue_on_consecutive_cycles
     0.00ns INFO     cocotb.regression                  running first_block_state_tail_and_final_factor_flow_through_row_engine (1/2)
  1801.00ns INFO     cocotb.regression                  first_block_state_tail_and_final_factor_flow_through_row_engine passed
  1801.00ns INFO     cocotb.regression                  running independent_reduction_groups_issue_on_consecutive_cycles (2/2)
  1962.00ns INFO     cocotb.regression                  independent_reduction_groups_issue_on_consecutive_cycles passed
  1962.00ns INFO     cocotb.regression                  ***********************************************************************************************************************************************
                                                        ** TEST                                                                                   STATUS  SIM TIME (ns)  REAL TIME (s)  RATIO (ns/s) **
                                                        ***********************************************************************************************************************************************
                                                        ** softmax_row_engine_tb.first_block_state_tail_and_final_factor_flow_through_row_engine   PASS        1801.00           0.06      31622.08  **
                                                        ** softmax_row_engine_tb.independent_reduction_groups_issue_on_consecutive_cycles          PASS         161.00           0.01      28842.40  **
                                                        ***********************************************************************************************************************************************
                                                        ** TESTS=2 PASS=2 FAIL=0 SKIP=0                                                                        1962.00          12.35        158.89  **
                                                        ***********************************************************************************************************************************************
                                                        
- :0: Verilog $finish
# ---------------------------------------
# Test 0
# ---------------------------------------
# Parameters:
# - Test Index: 0
# - EXP_WIDTH: 5
# - MANT_WIDTH: 6
# - VLEN: 8
# - ROW_LANES: 4
# - STATE_ENTRIES: 32
# ---------------------------------------
INFO: Running command perl ${WORKSPACE}/.venv-wsl/lib/python3.12/site-packages/verilator/bin/verilator -cc --exe -Mdir ${WORKSPACE}/lab/rtl-prefill/src/vector_machine/test/build/softmax_row_engine_test_wrapper/test_0 -DCOCOTB_SIM=1 --top-module softmax_row_engine_test_wrapper --vpi --public-flat-rw --prefix Vtop -o softmax_row_engine_test_wrapper -LDFLAGS '-Wl,-rpath,${WORKSPACE}/.venv-wsl/lib/python3.12/site-packages/cocotb/libs -L${WORKSPACE}/.venv-wsl/lib/python3.12/site-packages/cocotb/libs -lcocotbvpi_verilator' -DSIMULATION -Wno-GENUNNAMED -Wno-WIDTHEXPAND -Wno-WIDTHTRUNC -Wno-UNOPTFLAT --converge-limit 10000 -prof-c --assert --stats -O2 -build-jobs 4 --output-split 20000 --output-split-cfuncs 200 -Wno-fatal -Wno-lint -Wno-style -I${WORKSPACE}/lab/rtl-prefill/src/vector_machine/rtl -I${WORKSPACE}/lab/rtl-prefill/src/basic_components/buffer/rtl -I${WORKSPACE}/lab/rtl-prefill/src/basic_components/cast/rtl -I${WORKSPACE}/lab/rtl-prefill/src/basic_components/common/rtl -I${WORKSPACE}/lab/rtl-prefill/src/basic_components/fp_operation/rtl -I${WORKSPACE}/lab/rtl-prefill/src/basic_components/int_operation/rtl -I${WORKSPACE}/lab/rtl-prefill/src/basic_components/synopsis_ip_inst/rtl -I${WORKSPACE}/lab/rtl-prefill/src/definitions -GEXP_WIDTH=5 -GMANT_WIDTH=6 -GVLEN=8 -GROW_LANES=4 -GSTATE_ENTRIES=32 ${WORKSPACE}/.venv-wsl/lib/python3.12/site-packages/cocotb/share/lib/verilator/verilator.cpp ${WORKSPACE}/lab/rtl-prefill/src/vector_machine/rtl/softmax_row_engine_test_wrapper.sv in directory ${WORKSPACE}/lab/rtl-prefill/src/vector_machine/test/build/softmax_row_engine_test_wrapper/test_0
INFO: Running command make -C ${WORKSPACE}/lab/rtl-prefill/src/vector_machine/test/build/softmax_row_engine_test_wrapper/test_0 -f Vtop.mk VM_TRACE=0 in directory ${WORKSPACE}/lab/rtl-prefill/src/vector_machine/test/build/softmax_row_engine_test_wrapper/test_0
INFO: Running command ${WORKSPACE}/lab/rtl-prefill/src/vector_machine/test/build/softmax_row_engine_test_wrapper/test_0/softmax_row_engine_test_wrapper in directory ${WORKSPACE}/lab/rtl-prefill/src/vector_machine/test/build/softmax_row_engine_test_wrapper/test_0
INFO: Results file: ${WORKSPACE}/lab/rtl-prefill/src/vector_machine/test/build/softmax_row_engine_test_wrapper/test_0/results.xml
# ---------------------------------------
# Test Results
# ---------------------------------------
# - Time elapsed: 15.17 seconds
# - Jobs: 1
# - Passed: 2
# - Failed: 0
# - Total : 2
# ---------------------------------------
# Passed Configs
# ---------------------------------------
# - test_0: {'EXP_WIDTH': 5, 'MANT_WIDTH': 6, 'VLEN': 8, 'ROW_LANES': 4, 'STATE_ENTRIES': 32}
# ---------------------------------------
