test_2048x2048 (__main__.TestLoadLargeInt.test_2048x2048)
2048*2048 = 4194304: upper=1024, lower=0 -> LUI only. ... ok
test_2048x8192 (__main__.TestLoadLargeInt.test_2048x8192)
2048*8192 = 16777216: upper=4096, lower=0 -> LUI only. ... ok
test_64x64_small (__main__.TestLoadLargeInt.test_64x64_small)
64*64 = 4096 < 2^18: fits in 18-bit immediate -> single S_ADDI_INT from gp0. ... ok
test_boundary_value_2_18 (__main__.TestLoadLargeInt.test_boundary_value_2_18)
Value = 2^18 = 262144 needs LUI (upper=64, lower=0). ... ok
test_large_add_with_temp (__main__.TestLoadLargeInt.test_large_add_with_temp)
Relative large adds can use caller-provided temp registers. ... ok
test_large_add_without_temp_chunks (__main__.TestLoadLargeInt.test_large_add_without_temp_chunks)
Compiler-wide fallback must not need a scratch register. ... ok
test_small_value_below_2_18 (__main__.TestLoadLargeInt.test_small_value_below_2_18)
128*256 = 32768 < 2^18: fits in 18-bit immediate -> single S_ADDI_INT from gp0. ... ok
test_small_value_single_addi (__main__.TestLoadLargeInt.test_small_value_single_addi)
Values < 4096 (upper=0) use a single S_ADDI_INT. ... ok
test_value_with_remainder (__main__.TestLoadLargeInt.test_value_with_remainder)
Value with non-zero lower 12 bits emits both LUI and ADDI. ... ok
test_zero_value (__main__.TestLoadLargeInt.test_zero_value)
Zero should emit S_ADDI_INT gp{reg}, gp0, 0. ... ok

----------------------------------------------------------------------
Ran 10 tests in 0.002s

OK
