${WORKSPACE}/lab/rtl-prefill/tools/cfl_cocotb/runner.py:12: UserWarning: Python runners and associated APIs are an experimental feature and subject to change.
  from cocotb.runner import get_runner, get_results
- V e r i l a t i o n   R e p o r t:  rev UNKNOWN.REV
- Verilator: Built from 0.619 MB sources in 48 modules, into 107.234 MB in 761 C++ files needing 0.003 MB
- Verilator: Walltime 8.055 s (elab=0.080, cvt=6.293, bld=0.000); cpu 6.154 s on 4 threads; alloced 269.434 MB
make: Entering directory '${WORKSPACE}/lab/rtl-prefill/src/vector_machine/test/build/softmax_row_engine_test_wrapper/test_0'
c++  -I.  -MMD -I${WORKSPACE}/.venv-wsl/lib/python3.12/site-packages/verilator/include -I${WORKSPACE}/.venv-wsl/lib/python3.12/site-packages/verilator/include/vltstd -DVM_COVERAGE=0 -DVM_SC=0 -DVM_TIMING=0 -DVM_TRACE=0 -DVM_TRACE_FST=0 -DVM_TRACE_VCD=0        -Os  -c -o verilator.o ${WORKSPACE}/.venv-wsl/lib/python3.12/site-packages/cocotb/share/lib/verilator/verilator.cpp
c++ -Os  -I.  -MMD -I${WORKSPACE}/.venv-wsl/lib/python3.12/site-packages/verilator/include -I${WORKSPACE}/.venv-wsl/lib/python3.12/site-packages/verilator/include/vltstd -DVM_COVERAGE=0 -DVM_SC=0 -DVM_TIMING=0 -DVM_TRACE=0 -DVM_TRACE_FST=0 -DVM_TRACE_VCD=0        -c -o verilated.o ${WORKSPACE}/.venv-wsl/lib/python3.12/site-packages/verilator/include/verilated.cpp
c++ -Os  -I.  -MMD -I${WORKSPACE}/.venv-wsl/lib/python3.12/site-packages/verilator/include -I${WORKSPACE}/.venv-wsl/lib/python3.12/site-packages/verilator/include/vltstd -DVM_COVERAGE=0 -DVM_SC=0 -DVM_TIMING=0 -DVM_TRACE=0 -DVM_TRACE_FST=0 -DVM_TRACE_VCD=0        -c -o verilated_dpi.o ${WORKSPACE}/.venv-wsl/lib/python3.12/site-packages/verilator/include/verilated_dpi.cpp
c++ -Os  -I.  -MMD -I${WORKSPACE}/.venv-wsl/lib/python3.12/site-packages/verilator/include -I${WORKSPACE}/.venv-wsl/lib/python3.12/site-packages/verilator/include/vltstd -DVM_COVERAGE=0 -DVM_SC=0 -DVM_TIMING=0 -DVM_TRACE=0 -DVM_TRACE_FST=0 -DVM_TRACE_VCD=0        -c -o verilated_vpi.o ${WORKSPACE}/.venv-wsl/lib/python3.12/site-packages/verilator/include/verilated_vpi.cpp
c++ -Os  -I.  -MMD -I${WORKSPACE}/.venv-wsl/lib/python3.12/site-packages/verilator/include -I${WORKSPACE}/.venv-wsl/lib/python3.12/site-packages/verilator/include/vltstd -DVM_COVERAGE=0 -DVM_SC=0 -DVM_TIMING=0 -DVM_TRACE=0 -DVM_TRACE_FST=0 -DVM_TRACE_VCD=0        -c -o verilated_threads.o ${WORKSPACE}/.venv-wsl/lib/python3.12/site-packages/verilator/include/verilated_threads.cpp
c++ -Os  -I.  -MMD -I${WORKSPACE}/.venv-wsl/lib/python3.12/site-packages/verilator/include -I${WORKSPACE}/.venv-wsl/lib/python3.12/site-packages/verilator/include/vltstd -DVM_COVERAGE=0 -DVM_SC=0 -DVM_TIMING=0 -DVM_TRACE=0 -DVM_TRACE_FST=0 -DVM_TRACE_VCD=0        -x c++-header Vtop__pch.h -o Vtop__pch.h.fast.gch
c++ -Os  -I.  -MMD -I${WORKSPACE}/.venv-wsl/lib/python3.12/site-packages/verilator/include -I${WORKSPACE}/.venv-wsl/lib/python3.12/site-packages/verilator/include/vltstd -DVM_COVERAGE=0 -DVM_SC=0 -DVM_TIMING=0 -DVM_TRACE=0 -DVM_TRACE_FST=0 -DVM_TRACE_VCD=0         Vtop__pch.h.fast -c -o Vtop.o Vtop.cpp
c++: warning: Vtop__pch.h.fast: linker input file unused because linking not done
c++: error: Vtop__pch.h.fast: linker input file not found: No such file or directory
make: *** [${WORKSPACE}/.venv-wsl/lib/python3.12/site-packages/verilator/include/verilated.mk:275: Vtop.o] Error 1
make: Leaving directory '${WORKSPACE}/lab/rtl-prefill/src/vector_machine/test/build/softmax_row_engine_test_wrapper/test_0'
# ---------------------------------------
# Test 0
# ---------------------------------------
# Parameters:
# - Test Index: 0
# - EXP_WIDTH: 5
# - MANT_WIDTH: 6
# - VLEN: 8
# - ROW_LANES: 4
# - STATE_ENTRIES: 32
# ---------------------------------------
INFO: Running command perl ${WORKSPACE}/.venv-wsl/lib/python3.12/site-packages/verilator/bin/verilator -cc --exe -Mdir ${WORKSPACE}/lab/rtl-prefill/src/vector_machine/test/build/softmax_row_engine_test_wrapper/test_0 -DCOCOTB_SIM=1 --top-module softmax_row_engine_test_wrapper --vpi --public-flat-rw --prefix Vtop -o softmax_row_engine_test_wrapper -LDFLAGS '-Wl,-rpath,${WORKSPACE}/.venv-wsl/lib/python3.12/site-packages/cocotb/libs -L${WORKSPACE}/.venv-wsl/lib/python3.12/site-packages/cocotb/libs -lcocotbvpi_verilator' -DSIMULATION -Wno-GENUNNAMED -Wno-WIDTHEXPAND -Wno-WIDTHTRUNC -Wno-UNOPTFLAT --converge-limit 10000 -prof-c --assert --stats -O2 -build-jobs 4 --output-split 20000 --output-split-cfuncs 200 -Wno-fatal -Wno-lint -Wno-style -I${WORKSPACE}/lab/rtl-prefill/src/vector_machine/rtl -I${WORKSPACE}/lab/rtl-prefill/src/basic_components/buffer/rtl -I${WORKSPACE}/lab/rtl-prefill/src/basic_components/cast/rtl -I${WORKSPACE}/lab/rtl-prefill/src/basic_components/common/rtl -I${WORKSPACE}/lab/rtl-prefill/src/basic_components/fp_operation/rtl -I${WORKSPACE}/lab/rtl-prefill/src/basic_components/int_operation/rtl -I${WORKSPACE}/lab/rtl-prefill/src/basic_components/synopsis_ip_inst/rtl -I${WORKSPACE}/lab/rtl-prefill/src/definitions -GEXP_WIDTH=5 -GMANT_WIDTH=6 -GVLEN=8 -GROW_LANES=4 -GSTATE_ENTRIES=32 ${WORKSPACE}/.venv-wsl/lib/python3.12/site-packages/cocotb/share/lib/verilator/verilator.cpp ${WORKSPACE}/lab/rtl-prefill/src/vector_machine/rtl/softmax_row_engine_test_wrapper.sv in directory ${WORKSPACE}/lab/rtl-prefill/src/vector_machine/test/build/softmax_row_engine_test_wrapper/test_0
INFO: Running command make -C ${WORKSPACE}/lab/rtl-prefill/src/vector_machine/test/build/softmax_row_engine_test_wrapper/test_0 -f Vtop.mk VM_TRACE=0 in directory ${WORKSPACE}/lab/rtl-prefill/src/vector_machine/test/build/softmax_row_engine_test_wrapper/test_0
Process 'make' terminated with error 2
